Microchip MPLAB XC8 Compiler V2.20

Linker command line:

-W-3 --edf=C:\Program Files\Microchip\xc8\v2.20\pic\dat\en_msgs.txt -cn \
  -h+dist/default/production\My8F-5AW_key_OK.X.production.sym \
  --cmf=dist/default/production\My8F-5AW_key_OK.X.production.cmf -z \
  -Q16F1946 -oC:\Users\ADMINI~1\AppData\Local\Temp\s17o.2 \
  --defsym=__MPLAB_BUILD=1 \
  -Mdist/default/production/My8F-5AW_key_OK.X.production.map -E1 \
  -ver=XC8 Compiler --acfsm=1493 -ASTACK=0208Dh-021EFh -pstack=STACK \
  -ACODE=00h-07FFhx4 -ASTRCODE=00h-01FFFh -ASTRING=00h-0FFhx32 \
  -ACONST=00h-0FFhx32 -AENTRY=00h-0FFhx32 -ACOMMON=070h-07Fh \
  -ABANK0=020h-06Fh -ABANK1=0A0h-0EFh -ABANK2=0120h-016Fh \
  -ABANK3=01A0h-01EFh -ABANK4=0220h-026Fh -ABANK5=02A0h-02EFh \
  -ABANK6=0320h-032Fh -ABIGRAM=02000h-021EFh \
  -ARAM=020h-06Fh,0A0h-0EFh,0120h-016Fh,01A0h-01EFh,0220h-026Fh,02A0h-02EFh,0320h-032Fh \
  -AABS1=020h-07Fh,0A0h-0EFh,0120h-016Fh,01A0h-01EFh,0220h-026Fh,02A0h-02EFh,0320h-032Fh \
  -ASFR0=00h-01Fh -ASFR1=080h-09Fh -ASFR2=0100h-011Fh -ASFR3=0180h-019Fh \
  -ASFR4=0200h-021Fh -ASFR5=0280h-029Fh -ASFR6=0300h-031Fh \
  -ASFR7=0380h-03EFh -ASFR8=0400h-046Fh -ASFR9=0480h-04EFh \
  -ASFR10=0500h-056Fh -ASFR11=0580h-05EFh -ASFR12=0600h-066Fh \
  -ASFR13=0680h-06EFh -ASFR14=0700h-076Fh -ASFR15=0780h-07EFh \
  -ASFR16=0800h-086Fh -ASFR17=0880h-08EFh -ASFR18=0900h-096Fh \
  -ASFR19=0980h-09EFh -ASFR20=0A00h-0A6Fh -ASFR21=0A80h-0AEFh \
  -ASFR22=0B00h-0B6Fh -ASFR23=0B80h-0BEFh -ASFR24=0C00h-0C6Fh \
  -ASFR25=0C80h-0CEFh -ASFR26=0D00h-0D6Fh -ASFR27=0D80h-0DEFh \
  -ASFR28=0E00h-0E6Fh -ASFR29=0E80h-0EEFh -ASFR30=0F00h-0F6Fh \
  -ASFR31=0F80h-0FEFh -ACONFIG=08007h-08008h -DCONFIG=2 \
  -AIDLOC=08000h-08003h -DIDLOC=2 \
  -preset_vec=00h,intentry=04h,init,end_init -ppowerup=CODE -pcinit=CODE \
  -pfunctab=ENTRY -AEEDATA=00h-0FFh/0F000h -peeprom_data=EEDATA -DEEDATA=2 \
  -DCODE=2 -DSTRCODE=2 -DSTRING=2 -DCONST=2 -DENTRY=2 -k \
  C:\Users\ADMINI~1\AppData\Local\Temp\s17o.o \
  dist/default/production\My8F-5AW_key_OK.X.production.o 

Object code version is 3.11

Machine type is 16F1946



                Name                               Link     Load   Length Selector   Space Scale
C:\Users\ADMINI~1\AppData\Local\Temp\s17o.o
                end_init                            125      125        2        8       0
                reset_vec                             0        0        2        0       0
                config                             8007     8007        2        0       4
dist/default/production\My8F-5AW_key_OK.X.production.o
                cinit                               127      127       37        8       0
                intentry                              4        4      121        8       0
                config                             8007     8007        2        0       4
                text14                              486      486       2A        8       0
                text13                              3B7      3B7       3C        8       0
                text11                              4F4      4F4       20        8       0
                text10                              531      531       1D        8       0
                text9                               4D4      4D4       20        8       0
                text8                               4B0      4B0       24        8       0
                text7                               459      459       2D        8       0
                text6                               2E5      2E5       95        8       0
                text5                               37A      37A       3D        8       0
                text4                               3F3      3F3       35        8       0
                text3                               514      514       1D        8       0
                text2                               572      572        A        8       0
                text1                               560      560       12        8       0
                maintext                            15E      15E      187        8       0
                cstackBANK0                          56       56       12       20       1
                cstackCOMMON                         70       70        9       70       1
                clrtext                             582      582        6        8       0
                inittext                            57C      57C        6        8       0
                dataBANK1                            A0       A0       31       A0       1
                bssBANK1                             D1       D1        C       A0       1
                dataBANK0                            44       44       12       20       1
                bssBANK0                             20       20       24       20       1
                dataCOMMON                           7C       7C        2       70       1
                bssCOMMON                            79       79        3       70       1
                idataBANK1                          428      428       31        8       0
                idataBANK0                          54E      54E       12        8       0
                idataCOMMON                         588      588        2        8       0

TOTAL           Name                               Link     Load   Length     Space
        CLASS   STACK          

        CLASS   CODE           
                end_init                            125      125        2         0
                cinit                               127      127       37         0
                intentry                              4        4      121         0
                reset_vec                             0        0        2         0
                text14                              486      486       2A         0
                text13                              3B7      3B7       3C         0
                text11                              4F4      4F4       20         0
                text10                              531      531       1D         0
                text9                               4D4      4D4       20         0
                text8                               4B0      4B0       24         0
                text7                               459      459       2D         0
                text6                               2E5      2E5       95         0
                text5                               37A      37A       3D         0
                text4                               3F3      3F3       35         0
                text3                               514      514       1D         0
                text2                               572      572        A         0
                text1                               560      560       12         0
                maintext                            15E      15E      187         0
                clrtext                             582      582        6         0
                inittext                            57C      57C        6         0
                idataBANK1                          428      428       31         0
                idataBANK0                          54E      54E       12         0
                idataCOMMON                         588      588        2         0

        CLASS   STRCODE        

        CLASS   STRING         

        CLASS   CONST          

        CLASS   ENTRY          

        CLASS   COMMON         
                cstackCOMMON                         70       70        9         1
                dataCOMMON                           7C       7C        2         1
                bssCOMMON                            79       79        3         1

        CLASS   BANK0          
                cstackBANK0                          56       56       12         1
                dataBANK0                            44       44       12         1
                bssBANK0                             20       20       24         1

        CLASS   BANK1          
                dataBANK1                            A0       A0       31         1
                bssBANK1                             D1       D1        C         1

        CLASS   BANK2          

        CLASS   BANK3          

        CLASS   BANK4          

        CLASS   BANK5          

        CLASS   BANK6          

        CLASS   BIGRAM         

        CLASS   RAM            

        CLASS   ABS1           
                abs_s1                               7E       7E        2         1

        CLASS   SFR0           

        CLASS   SFR1           

        CLASS   SFR2           

        CLASS   SFR3           

        CLASS   SFR4           

        CLASS   SFR5           

        CLASS   SFR6           

        CLASS   SFR7           

        CLASS   SFR8           

        CLASS   SFR9           

        CLASS   SFR10          

        CLASS   SFR11          

        CLASS   SFR12          

        CLASS   SFR13          

        CLASS   SFR14          

        CLASS   SFR15          

        CLASS   SFR16          

        CLASS   SFR17          

        CLASS   SFR18          

        CLASS   SFR19          

        CLASS   SFR20          

        CLASS   SFR21          

        CLASS   SFR22          

        CLASS   SFR23          

        CLASS   SFR24          

        CLASS   SFR25          

        CLASS   SFR26          

        CLASS   SFR27          

        CLASS   SFR28          

        CLASS   SFR29          

        CLASS   SFR30          

        CLASS   SFR31          

        CLASS   CONFIG         
                config                             8007     8007        2         4

        CLASS   IDLOC          

        CLASS   EEDATA         

        CLASS   BANK31         

        CLASS   BANK30         

        CLASS   BANK29         

        CLASS   BANK28         

        CLASS   BANK27         

        CLASS   BANK26         

        CLASS   BANK25         

        CLASS   BANK24         

        CLASS   BANK23         

        CLASS   BANK22         

        CLASS   BANK21         

        CLASS   BANK20         

        CLASS   BANK19         

        CLASS   BANK18         

        CLASS   BANK17         

        CLASS   BANK16         

        CLASS   BANK15         

        CLASS   BANK14         

        CLASS   BANK13         

        CLASS   BANK12         

        CLASS   BANK11         

        CLASS   BANK10         

        CLASS   BANK9          

        CLASS   BANK8          

        CLASS   BANK7          



SEGMENTS        Name                           Load    Length   Top    Selector   Space  Class     Delta

                reset_vec                      000000  000002  000002         0       0  CODE        2
                intentry                       000004  000586  00058A         8       0  CODE        2
                bssBANK0                       000020  000048  000068        20       1  BANK0       1
                cstackCOMMON                   000070  00000E  00007E        70       1  COMMON      1
                dataBANK1                      0000A0  00003D  0000DD        A0       1  BANK1       1


UNUSED ADDRESS RANGES

        Name                Unused          Largest block    Delta
        BANK0            00068-0006F               8           1
        BANK1            000DD-000EF              13           1
        BANK2            00120-0016F              50           1
        BANK3            001A0-001EF              50           1
        BANK4            00220-0026F              50           1
        BANK5            002A0-002EF              50           1
        BANK6            00320-0032F              10           1
        BIGRAM           02000-021EF             1F0           1
        CODE             00002-00003               2           2
                         0058A-01FFF             800
        CONST            00002-00003               2           2
                         0058A-01FFF             100
        EEDATA           0F000-0F0FF             100           2
        ENTRY            00002-00003               2           2
                         0058A-01FFF             100
        IDLOC            08000-08003               4           2
        RAM              00068-0006F               8           1
                         000DD-000EF              13
                         00120-0016F              50
                         001A0-001EF              50
                         00220-0026F              50
                         002A0-002EF              50
                         00320-0032F              10
        SFR0             00000-0001F              20           1
        SFR1             00080-0009F              20           1
        SFR10            00500-0056F              70           1
        SFR11            00580-005EF              70           1
        SFR12            00600-0066F              70           1
        SFR13            00680-006EF              70           1
        SFR14            00700-0076F              70           1
        SFR15            00780-007EF              70           1
        SFR16            00800-0086F              70           1
        SFR17            00880-008EF              70           1
        SFR18            00900-0096F              70           1
        SFR19            00980-009EF              70           1
        SFR2             00100-0011F              20           1
        SFR20            00A00-00A6F              70           1
        SFR21            00A80-00AEF              70           1
        SFR22            00B00-00B6F              70           1
        SFR23            00B80-00BEF              70           1
        SFR24            00C00-00C6F              70           1
        SFR25            00C80-00CEF              70           1
        SFR26            00D00-00D6F              70           1
        SFR27            00D80-00DEF              70           1
        SFR28            00E00-00E6F              70           1
        SFR29            00E80-00EEF              70           1
        SFR3             00180-0019F              20           1
        SFR30            00F00-00F6F              70           1
        SFR31            00F80-00FEF              70           1
        SFR4             00200-0021F              20           1
        SFR5             00280-0029F              20           1
        SFR6             00300-0031F              20           1
        SFR7             00380-003EF              70           1
        SFR8             00400-0046F              70           1
        SFR9             00480-004EF              70           1
        STACK            0208D-021EF             163           1
        STRCODE          00002-00003               2           2
                         0058A-01FFF            1A76
        STRING           00002-00003               2           2
                         0058A-01FFF             100

                                  Symbol Table

?___lwdiv                      cstackBANK0  00056
?___lwmod                      cstackBANK0  0005E
?i1___lwdiv                    cstackCOMMON 00070
DELAY@j                        cstackBANK0  00059
DELAY@k                        cstackBANK0  0005B
DELAY@n                        cstackBANK0  00056
TM1721_Delay_ms@j              cstackBANK0  00059
TM1721_Delay_ms@k              cstackBANK0  0005B
TM1721_Delay_ms@n              cstackBANK0  00056
TM1721_DisplayClear@h          cstackBANK0  00061
TM1721_DisplayClear@p          cstackBANK0  00060
TM1721_Write_Byte@dat          cstackBANK0  0005D
TM1721_Write_Byte@i            cstackBANK0  0005E
TM1721_Write_StringS@dat       cstackBANK0  0005F
_ADCON0                        (abs)        0009D
_ADCON1                        (abs)        0009E
_ADIF                          (abs)        0008E
_ADRESH                        (abs)        0009C
_ADRESL                        (abs)        0009B
_ANSELA                        (abs)        0018C
_ANSELE                        (abs)        00190
_APFCON                        (abs)        0011D
_BAUD2CONbits                  (abs)        00497
_BORCON                        (abs)        00116
_DELAY                         text11       004F4
_EEADR                         (abs)        00191
_EECON1                        (abs)        00195
_EECON1bits                    (abs)        00195
_EECON2                        (abs)        00196
_EEDATA                        (abs)        00193
_GIE                           (abs)        0005F
_GO                            (abs)        004E9
_INTCONbits                    (abs)        0000B
_ISR                           intentry     00004
_Init                          text10       00531
_KEY_VAR                       dataBANK1    000C8
_LATA                          (abs)        0010C
_LATB                          (abs)        0010D
_LATC                          (abs)        0010E
_LATD                          (abs)        0010F
_LATE                          (abs)        00110
_OPTION_REG                    (abs)        00095
_OPTION_REGbits                (abs)        00095
_OSCCON                        (abs)        00099
_OSCTUNE                       (abs)        00098
_Operation_Type                dataBANK0    00048
_PEIE                          (abs)        0005E
_PIE1                          (abs)        00091
_PIE4                          (abs)        00094
_PIR1                          (abs)        00011
_PIR4                          (abs)        00014
_PORTA                         (abs)        0000C
_PORTB                         (abs)        0000D
_PORTBbits                     (abs)        0000D
_PORTF                         (abs)        0028C
_PORTFbits                     (abs)        0028C
_RC2IF                         (abs)        000A5
_RC2STAbits                    (abs)        00495
_RCREG                         (abs)        00199
_RCSTA                         (abs)        0019D
_RD4                           (abs)        0007C
_RD5                           (abs)        0007D
_RD6                           (abs)        0007E
_RD7                           (abs)        0007F
_SEG_CODE                      dataBANK1    000BE
_SP2BRGL                       (abs)        00493
_SPBRG                         (abs)        0019B
_STATUSbits                    (abs)        00003
_SciReceiveFlag                bssBANK0     0003A
_T0IE                          (abs)        0005D
_T0IF                          (abs)        0005A
_T1CON                         (abs)        00018
_T1CONbits                     (abs)        00018
_TM1721_Delay_ms               text9        004D4
_TM1721_DisplayClear           text7        00459
_TM1721_Write_Byte             text8        004B0
_TM1721_Write_StringS          text6        002E5
_TMR0                          (abs)        00015
_TMR0IF                        (abs)        0005A
_TMR1H                         (abs)        00017
_TMR1IE                        (abs)        00488
_TMR1IF                        (abs)        00088
_TMR1L                         (abs)        00016
_TRISA                         (abs)        0008C
_TRISB                         (abs)        0008D
_TRISC                         (abs)        0008E
_TRISD                         (abs)        0008F
_TRISE                         (abs)        00090
_TRISF                         (abs)        0030C
_TRISG1                        (abs)        01869
_TRISG2                        (abs)        0186A
_TX2STA                        (abs)        00496
_TX2STAbits                    (abs)        00496
_TXIF                          (abs)        0008C
_TXREG                         (abs)        0019A
_TXSTA                         (abs)        0019E
_TimeFLAG                      bssCOMMON    00079
_Time_Count                    bssBANK0     0002B
_WDTCON                        (abs)        00097
_WFLAG                         dataBANK0    0004C
_WPUB                          (abs)        0020D
_WR                            (abs)        00CA9
__Habs1                        abs1         00000
__Hbank0                       bank0        00000
__Hbank1                       bank1        00000
__Hbank10                      bank10       00000
__Hbank11                      bank11       00000
__Hbank12                      bank12       00000
__Hbank13                      bank13       00000
__Hbank14                      bank14       00000
__Hbank15                      bank15       00000
__Hbank16                      bank16       00000
__Hbank17                      bank17       00000
__Hbank18                      bank18       00000
__Hbank19                      bank19       00000
__Hbank2                       bank2        00000
__Hbank20                      bank20       00000
__Hbank21                      bank21       00000
__Hbank22                      bank22       00000
__Hbank23                      bank23       00000
__Hbank24                      bank24       00000
__Hbank25                      bank25       00000
__Hbank26                      bank26       00000
__Hbank27                      bank27       00000
__Hbank28                      bank28       00000
__Hbank29                      bank29       00000
__Hbank3                       bank3        00000
__Hbank30                      bank30       00000
__Hbank31                      bank31       00000
__Hbank4                       bank4        00000
__Hbank5                       bank5        00000
__Hbank6                       bank6        00000
__Hbank7                       bank7        00000
__Hbank8                       bank8        00000
__Hbank9                       bank9        00000
__Hbigram                      bigram       00000
__HbssBANK0                    bssBANK0     00000
__HbssBANK1                    bssBANK1     00000
__HbssCOMMON                   bssCOMMON    00000
__Hcinit                       cinit        0015E
__Hclrtext                     clrtext      00000
__Hcode                        code         00000
__Hcommon                      common       00000
__Hconfig                      config       08009
__HcstackBANK0                 cstackBANK0  00000
__HcstackCOMMON                cstackCOMMON 00000
__HdataBANK0                   dataBANK0    00000
__HdataBANK1                   dataBANK1    00000
__HdataCOMMON                  dataCOMMON   00000
__Heeprom_data                 eeprom_data  00000
__Hend_init                    end_init     00127
__Hfunctab                     functab      00000
__HidataBANK0                  idataBANK0   00000
__HidataBANK1                  idataBANK1   00000
__HidataCOMMON                 idataCOMMON  00000
__Hinit                        init         00125
__Hinittext                    inittext     00000
__Hintentry                    intentry     00125
__Hmaintext                    maintext     00000
__Hpowerup                     powerup      00000
__Hram                         ram          00000
__Hreset_vec                   reset_vec    00002
__Hsfr0                        sfr0         00000
__Hsfr1                        sfr1         00000
__Hsfr10                       sfr10        00000
__Hsfr11                       sfr11        00000
__Hsfr12                       sfr12        00000
__Hsfr13                       sfr13        00000
__Hsfr14                       sfr14        00000
__Hsfr15                       sfr15        00000
__Hsfr16                       sfr16        00000
__Hsfr17                       sfr17        00000
__Hsfr18                       sfr18        00000
__Hsfr19                       sfr19        00000
__Hsfr2                        sfr2         00000
__Hsfr20                       sfr20        00000
__Hsfr21                       sfr21        00000
__Hsfr22                       sfr22        00000
__Hsfr23                       sfr23        00000
__Hsfr24                       sfr24        00000
__Hsfr25                       sfr25        00000
__Hsfr26                       sfr26        00000
__Hsfr27                       sfr27        00000
__Hsfr28                       sfr28        00000
__Hsfr29                       sfr29        00000
__Hsfr3                        sfr3         00000
__Hsfr30                       sfr30        00000
__Hsfr31                       sfr31        00000
__Hsfr4                        sfr4         00000
__Hsfr5                        sfr5         00000
__Hsfr6                        sfr6         00000
__Hsfr7                        sfr7         00000
__Hsfr8                        sfr8         00000
__Hsfr9                        sfr9         00000
__Hspace_0                     (abs)        0058A
__Hspace_1                     (abs)        000DD
__Hspace_2                     (abs)        00000
__Hspace_3                     (abs)        00000
__Hspace_4                     (abs)        10010
__Hstack                       stack        00000
__Hstrings                     strings      00000
__Htext                        text         00000
__Labs1                        abs1         00000
__Lbank0                       bank0        00000
__Lbank1                       bank1        00000
__Lbank10                      bank10       00000
__Lbank11                      bank11       00000
__Lbank12                      bank12       00000
__Lbank13                      bank13       00000
__Lbank14                      bank14       00000
__Lbank15                      bank15       00000
__Lbank16                      bank16       00000
__Lbank17                      bank17       00000
__Lbank18                      bank18       00000
__Lbank19                      bank19       00000
__Lbank2                       bank2        00000
__Lbank20                      bank20       00000
__Lbank21                      bank21       00000
__Lbank22                      bank22       00000
__Lbank23                      bank23       00000
__Lbank24                      bank24       00000
__Lbank25                      bank25       00000
__Lbank26                      bank26       00000
__Lbank27                      bank27       00000
__Lbank28                      bank28       00000
__Lbank29                      bank29       00000
__Lbank3                       bank3        00000
__Lbank30                      bank30       00000
__Lbank31                      bank31       00000
__Lbank4                       bank4        00000
__Lbank5                       bank5        00000
__Lbank6                       bank6        00000
__Lbank7                       bank7        00000
__Lbank8                       bank8        00000
__Lbank9                       bank9        00000
__Lbigram                      bigram       00000
__LbssBANK0                    bssBANK0     00000
__LbssBANK1                    bssBANK1     00000
__LbssCOMMON                   bssCOMMON    00000
__Lcinit                       cinit        00127
__Lclrtext                     clrtext      00000
__Lcode                        code         00000
__Lcommon                      common       00000
__Lconfig                      config       00000
__LcstackBANK0                 cstackBANK0  00000
__LcstackCOMMON                cstackCOMMON 00000
__LdataBANK0                   dataBANK0    00000
__LdataBANK1                   dataBANK1    00000
__LdataCOMMON                  dataCOMMON   00000
__Leeprom_data                 eeprom_data  00000
__Lend_init                    end_init     00125
__Lfunctab                     functab      00000
__LidataBANK0                  idataBANK0   00000
__LidataBANK1                  idataBANK1   00000
__LidataCOMMON                 idataCOMMON  00000
__Linit                        init         00125
__Linittext                    inittext     00000
__Lintentry                    intentry     00004
__Lmaintext                    maintext     00000
__Lpowerup                     powerup      00000
__Lram                         ram          00000
__Lreset_vec                   reset_vec    00000
__Lsfr0                        sfr0         00000
__Lsfr1                        sfr1         00000
__Lsfr10                       sfr10        00000
__Lsfr11                       sfr11        00000
__Lsfr12                       sfr12        00000
__Lsfr13                       sfr13        00000
__Lsfr14                       sfr14        00000
__Lsfr15                       sfr15        00000
__Lsfr16                       sfr16        00000
__Lsfr17                       sfr17        00000
__Lsfr18                       sfr18        00000
__Lsfr19                       sfr19        00000
__Lsfr2                        sfr2         00000
__Lsfr20                       sfr20        00000
__Lsfr21                       sfr21        00000
__Lsfr22                       sfr22        00000
__Lsfr23                       sfr23        00000
__Lsfr24                       sfr24        00000
__Lsfr25                       sfr25        00000
__Lsfr26                       sfr26        00000
__Lsfr27                       sfr27        00000
__Lsfr28                       sfr28        00000
__Lsfr29                       sfr29        00000
__Lsfr3                        sfr3         00000
__Lsfr30                       sfr30        00000
__Lsfr31                       sfr31        00000
__Lsfr4                        sfr4         00000
__Lsfr5                        sfr5         00000
__Lsfr6                        sfr6         00000
__Lsfr7                        sfr7         00000
__Lsfr8                        sfr8         00000
__Lsfr9                        sfr9         00000
__Lspace_0                     (abs)        00000
__Lspace_1                     (abs)        00000
__Lspace_2                     (abs)        00000
__Lspace_3                     (abs)        00000
__Lspace_4                     (abs)        00000
__Lstack                       stack        00000
__Lstrings                     strings      00000
__Ltext                        text         00000
__S0                           (abs)        0058A
__S1                           (abs)        000DD
__S2                           (abs)        00000
__S3                           (abs)        00000
___int_sp                      stack        00000
___latbits                     (abs)        00002
___lwdiv                       text5        0037A
___lwdiv@counter               cstackBANK0  0005D
___lwdiv@dividend              cstackBANK0  00058
___lwdiv@divisor               cstackBANK0  00056
___lwdiv@quotient              cstackBANK0  0005B
___lwmod                       text4        003F3
___lwmod@counter               cstackBANK0  00063
___lwmod@dividend              cstackBANK0  00060
___lwmod@divisor               cstackBANK0  0005E
___sp                          stack        00000
___stackhi                     (abs)        021EF
___stacklo                     (abs)        0208D
__end_of_DELAY                 text11       00514
__end_of_ISR                   intentry     00125
__end_of_Init                  text10       0054E
__end_of_TM1721_Delay_ms       text9        004F4
__end_of_TM1721_DisplayClear   text7        00486
__end_of_TM1721_Write_Byte     text8        004D4
__end_of_TM1721_Write_StringS  text6        0037A
__end_of___lwdiv               text5        003B7
__end_of___lwmod               text4        00428
__end_of__initialization       cinit        0015A
__end_of_eeprom_read           text3        00531
__end_of_eeprom_write          text14       004B0
__end_of_main                  maintext     002E5
__end_of_timer0_Init           text2        0057C
__end_of_timer1_Init           text1        00572
__end_ofi1___lwdiv             text13       003F3
__initialization               cinit        00127
__pbssBANK0                    bssBANK0     00020
__pbssBANK1                    bssBANK1     000D1
__pbssCOMMON                   bssCOMMON    00079
__pcstackBANK0                 cstackBANK0  00056
__pcstackCOMMON                cstackCOMMON 00070
__pdataBANK0                   dataBANK0    00044
__pdataBANK1                   dataBANK1    000A0
__pdataCOMMON                  dataCOMMON   0007C
__pidataBANK0                  idataBANK0   0054E
__pidataBANK1                  idataBANK1   00428
__pidataCOMMON                 idataCOMMON  00588
__pintentry                    intentry     00004
__pmaintext                    maintext     0015E
__ptext1                       text1        00560
__ptext10                      text10       00531
__ptext11                      text11       004F4
__ptext13                      text13       003B7
__ptext14                      text14       00486
__ptext2                       text2        00572
__ptext3                       text3        00514
__ptext4                       text4        003F3
__ptext5                       text5        0037A
__ptext6                       text6        002E5
__ptext7                       text7        00459
__ptext8                       text8        004B0
__ptext9                       text9        004D4
__size_of_DELAY                (abs)        00000
__size_of_ISR                  (abs)        00000
__size_of_Init                 (abs)        00000
__size_of_TM1721_Delay_ms      (abs)        00000
__size_of_TM1721_DisplayClear  (abs)        00000
__size_of_TM1721_Write_Byte    (abs)        00000
__size_of_TM1721_Write_StringS (abs)        00000
__size_of___lwdiv              (abs)        00000
__size_of___lwmod              (abs)        00000
__size_of_eeprom_read          (abs)        00000
__size_of_eeprom_write         (abs)        00000
__size_of_main                 (abs)        00000
__size_of_timer0_Init          (abs)        00000
__size_of_timer1_Init          (abs)        00000
__size_ofi1___lwdiv            (abs)        00000
_caiji_val                     dataBANK0    0004A
_countM                        bssBANK0     00029
_dat                           dataBANK0    0004D
_eeprom_read                   text3        00514
_eeprom_write                  text14       00486
_m                             bssCOMMON    0007B
_main                          maintext     0015E
_read_var                      bssCOMMON    0007A
_receive_count                 bssBANK0     0003C
_receiveo2                     bssBANK1     000D1
_ret_var                       bssBANK0     00043
_sendo2                        dataBANK0    00044
_temp1                         bssBANK0     00037
_tempH                         dataCOMMON   0007C
_tempHD                        bssBANK0     0002D
_tempM                         bssBANK0     00031
_tempM0                        bssBANK0     00033
_temph                         bssBANK0     0002F
_timer0_Init                   text2        00572
_timer1_Init                   text1        00560
btemp                          (abs)        0007E
clear_ram0                     clrtext      00582
eeprom_read@addr               cstackBANK0  00059
eeprom_write@addr              cstackCOMMON 00073
eeprom_write@value             cstackCOMMON 00070
end_of_initialization          cinit        0015A
i1___lwdiv                     text13       003B7
i1___lwdiv@counter             cstackCOMMON 00077
i1___lwdiv@dividend            cstackCOMMON 00072
i1___lwdiv@divisor             cstackCOMMON 00070
i1___lwdiv@quotient            cstackCOMMON 00075
init_ram                       inittext     0057C
int$flags                      (abs)        0007E
intlevel0                      functab      00000
intlevel1                      functab      00000
intlevel2                      functab      00000
intlevel3                      functab      00000
intlevel4                      functab      00000
intlevel5                      functab      00000
main@i                         cstackBANK0  00067
reset_vec                      reset_vec    00000
start                          init         00125
start_initialization           cinit        00127
wtemp0                         (abs)        0007E


FUNCTION INFORMATION:

 *************** function _main *****************
 Defined at:
		line 289 in file "main.c"
 Parameters:    Size  Location     Type
		None
 Auto vars:     Size  Location     Type
  i               1   17[BANK0 ] unsigned char 
 Return value:  Size  Location     Type
                  1    wreg      void 
 Registers used:
		wreg, fsr1l, fsr1h, status,2, status,0, pclath, cstack
 Tracked objects:
		On entry : 
		On exit  : 
		Unchanged: 
 Data sizes:     COMMON   BANK0   BANK1   BANK2   BANK3   BANK4   BANK5   BANK6
      Params:         0       0       0       0       0       0       0       0
      Locals:         0       1       0       0       0       0       0       0
      Temps:          0       3       0       0       0       0       0       0
      Totals:         0       4       0       0       0       0       0       0
Total ram usage:        4 bytes
 Hardware stack levels required when called:    5
 This function calls:
		_DELAY
		_Init
		_TM1721_DisplayClear
		_TM1721_Write_Byte
		_TM1721_Write_StringS
		___lwdiv
		___lwmod
		_eeprom_read
		_timer0_Init
		_timer1_Init
 This function is called by:
		Startup code after reset
 This function uses a non-reentrant model


 *************** function _timer1_Init *****************
 Defined at:
		line 141 in file "main.c"
 Parameters:    Size  Location     Type
		None
 Auto vars:     Size  Location     Type
		None
 Return value:  Size  Location     Type
                  1    wreg      void 
 Registers used:
		wreg
 Tracked objects:
		On entry : 
		On exit  : 
		Unchanged: 
 Data sizes:     COMMON   BANK0   BANK1   BANK2   BANK3   BANK4   BANK5   BANK6
      Params:         0       0       0       0       0       0       0       0
      Locals:         0       0       0       0       0       0       0       0
      Temps:          0       0       0       0       0       0       0       0
      Totals:         0       0       0       0       0       0       0       0
Total ram usage:        0 bytes
 Hardware stack levels used:    1
 Hardware stack levels required when called:    2
 This function calls:
		Nothing
 This function is called by:
		_main
 This function uses a non-reentrant model


 *************** function _timer0_Init *****************
 Defined at:
		line 128 in file "main.c"
 Parameters:    Size  Location     Type
		None
 Auto vars:     Size  Location     Type
		None
 Return value:  Size  Location     Type
                  1    wreg      void 
 Registers used:
		wreg
 Tracked objects:
		On entry : 
		On exit  : 
		Unchanged: 
 Data sizes:     COMMON   BANK0   BANK1   BANK2   BANK3   BANK4   BANK5   BANK6
      Params:         0       0       0       0       0       0       0       0
      Locals:         0       0       0       0       0       0       0       0
      Temps:          0       0       0       0       0       0       0       0
      Totals:         0       0       0       0       0       0       0       0
Total ram usage:        0 bytes
 Hardware stack levels used:    1
 Hardware stack levels required when called:    2
 This function calls:
		Nothing
 This function is called by:
		_main
 This function uses a non-reentrant model


 *************** function _eeprom_read *****************
 Defined at:
		line 6 in file "C:\Program Files\Microchip\xc8\v2.20\pic\sources\c99\pic\__eeread.c"
 Parameters:    Size  Location     Type
  addr            1    wreg     unsigned char 
 Auto vars:     Size  Location     Type
  addr            1    3[BANK0 ] unsigned char 
 Return value:  Size  Location     Type
                  1    wreg      unsigned char 
 Registers used:
		wreg, status,2, status,0
 Tracked objects:
		On entry : 
		On exit  : 
		Unchanged: 
 Data sizes:     COMMON   BANK0   BANK1   BANK2   BANK3   BANK4   BANK5   BANK6
      Params:         0       0       0       0       0       0       0       0
      Locals:         0       1       0       0       0       0       0       0
      Temps:          0       3       0       0       0       0       0       0
      Totals:         0       4       0       0       0       0       0       0
Total ram usage:        4 bytes
 Hardware stack levels used:    1
 Hardware stack levels required when called:    2
 This function calls:
		Nothing
 This function is called by:
		_main
 This function uses a non-reentrant model


 *************** function ___lwmod *****************
 Defined at:
		line 5 in file "C:\Program Files\Microchip\xc8\v2.20\pic\sources\c99\common\lwmod.c"
 Parameters:    Size  Location     Type
  divisor         2    8[BANK0 ] unsigned int 
  dividend        2   10[BANK0 ] unsigned int 
 Auto vars:     Size  Location     Type
  counter         1   13[BANK0 ] unsigned char 
 Return value:  Size  Location     Type
                  2    8[BANK0 ] unsigned int 
 Registers used:
		wreg, status,2, status,0
 Tracked objects:
		On entry : 
		On exit  : 
		Unchanged: 
 Data sizes:     COMMON   BANK0   BANK1   BANK2   BANK3   BANK4   BANK5   BANK6
      Params:         0       4       0       0       0       0       0       0
      Locals:         0       1       0       0       0       0       0       0
      Temps:          0       1       0       0       0       0       0       0
      Totals:         0       6       0       0       0       0       0       0
Total ram usage:        6 bytes
 Hardware stack levels used:    1
 Hardware stack levels required when called:    2
 This function calls:
		Nothing
 This function is called by:
		_main
 This function uses a non-reentrant model


 *************** function ___lwdiv *****************
 Defined at:
		line 5 in file "C:\Program Files\Microchip\xc8\v2.20\pic\sources\c99\common\lwdiv.c"
 Parameters:    Size  Location     Type
  divisor         2    0[BANK0 ] unsigned int 
  dividend        2    2[BANK0 ] unsigned int 
 Auto vars:     Size  Location     Type
  quotient        2    5[BANK0 ] unsigned int 
  counter         1    7[BANK0 ] unsigned char 
 Return value:  Size  Location     Type
                  2    0[BANK0 ] unsigned int 
 Registers used:
		wreg, status,2, status,0
 Tracked objects:
		On entry : 
		On exit  : 
		Unchanged: 
 Data sizes:     COMMON   BANK0   BANK1   BANK2   BANK3   BANK4   BANK5   BANK6
      Params:         0       4       0       0       0       0       0       0
      Locals:         0       3       0       0       0       0       0       0
      Temps:          0       1       0       0       0       0       0       0
      Totals:         0       8       0       0       0       0       0       0
Total ram usage:        8 bytes
 Hardware stack levels used:    1
 Hardware stack levels required when called:    2
 This function calls:
		Nothing
 This function is called by:
		_main
 This function uses a non-reentrant model


 *************** function _TM1721_Write_StringS *****************
 Defined at:
		line 157 in file "./TM1721.h"
 Parameters:    Size  Location     Type
  dat             1    wreg     PTR unsigned char 
		 -> dat(9), 
 Auto vars:     Size  Location     Type
  dat             1    9[BANK0 ] PTR unsigned char 
		 -> dat(9), 
 Return value:  Size  Location     Type
                  1    wreg      void 
 Registers used:
		wreg, fsr1l, fsr1h, status,2, status,0, pclath, cstack
 Tracked objects:
		On entry : 
		On exit  : 
		Unchanged: 
 Data sizes:     COMMON   BANK0   BANK1   BANK2   BANK3   BANK4   BANK5   BANK6
      Params:         0       0       0       0       0       0       0       0
      Locals:         0       1       0       0       0       0       0       0
      Temps:          0       0       0       0       0       0       0       0
      Totals:         0       1       0       0       0       0       0       0
Total ram usage:        1 bytes
 Hardware stack levels used:    1
 Hardware stack levels required when called:    4
 This function calls:
		_TM1721_Write_Byte
 This function is called by:
		_main
 This function uses a non-reentrant model


 *************** function _TM1721_DisplayClear *****************
 Defined at:
		line 114 in file "./TM1721.h"
 Parameters:    Size  Location     Type
  p               1    wreg     unsigned char 
 Auto vars:     Size  Location     Type
  p               1   10[BANK0 ] unsigned char 
  h               1   11[BANK0 ] unsigned char 
 Return value:  Size  Location     Type
                  1    wreg      void 
 Registers used:
		wreg, status,2, status,0, pclath, cstack
 Tracked objects:
		On entry : 
		On exit  : 
		Unchanged: 
 Data sizes:     COMMON   BANK0   BANK1   BANK2   BANK3   BANK4   BANK5   BANK6
      Params:         0       0       0       0       0       0       0       0
      Locals:         0       2       0       0       0       0       0       0
      Temps:          0       1       0       0       0       0       0       0
      Totals:         0       3       0       0       0       0       0       0
Total ram usage:        3 bytes
 Hardware stack levels used:    1
 Hardware stack levels required when called:    4
 This function calls:
		_TM1721_Write_Byte
 This function is called by:
		_main
 This function uses a non-reentrant model


 *************** function _TM1721_Write_Byte *****************
 Defined at:
		line 49 in file "./TM1721.h"
 Parameters:    Size  Location     Type
  dat             1    wreg     unsigned char 
 Auto vars:     Size  Location     Type
  dat             1    7[BANK0 ] unsigned char 
  i               1    8[BANK0 ] unsigned char 
 Return value:  Size  Location     Type
                  1    wreg      void 
 Registers used:
		wreg, status,2, status,0, pclath, cstack
 Tracked objects:
		On entry : 
		On exit  : 
		Unchanged: 
 Data sizes:     COMMON   BANK0   BANK1   BANK2   BANK3   BANK4   BANK5   BANK6
      Params:         0       0       0       0       0       0       0       0
      Locals:         0       2       0       0       0       0       0       0
      Temps:          0       1       0       0       0       0       0       0
      Totals:         0       3       0       0       0       0       0       0
Total ram usage:        3 bytes
 Hardware stack levels used:    1
 Hardware stack levels required when called:    3
 This function calls:
		_TM1721_Delay_ms
 This function is called by:
		_TM1721_DisplayClear
		_TM1721_Write_StringS
		_main
		_xianshi
		_TM1721_Display
		_TM1721_Write_String
		_TM1721_Key_Scan
		_TM1721_Init
 This function uses a non-reentrant model


 *************** function _TM1721_Delay_ms *****************
 Defined at:
		line 31 in file "./TM1721.h"
 Parameters:    Size  Location     Type
  n               2    0[BANK0 ] unsigned int 
 Auto vars:     Size  Location     Type
  j               2    3[BANK0 ] unsigned int 
  k               1    5[BANK0 ] unsigned char 
 Return value:  Size  Location     Type
                  1    wreg      void 
 Registers used:
		wreg, status,2, status,0
 Tracked objects:
		On entry : 
		On exit  : 
		Unchanged: 
 Data sizes:     COMMON   BANK0   BANK1   BANK2   BANK3   BANK4   BANK5   BANK6
      Params:         0       2       0       0       0       0       0       0
      Locals:         0       3       0       0       0       0       0       0
      Temps:          0       1       0       0       0       0       0       0
      Totals:         0       6       0       0       0       0       0       0
Total ram usage:        6 bytes
 Hardware stack levels used:    1
 Hardware stack levels required when called:    2
 This function calls:
		Nothing
 This function is called by:
		_TM1721_Write_Byte
		_TM1721_Key_Scan
		_TM1721_Init
 This function uses a non-reentrant model


 *************** function _Init *****************
 Defined at:
		line 92 in file "main.c"
 Parameters:    Size  Location     Type
		None
 Auto vars:     Size  Location     Type
		None
 Return value:  Size  Location     Type
                  1    wreg      void 
 Registers used:
		wreg, status,2
 Tracked objects:
		On entry : 
		On exit  : 
		Unchanged: 
 Data sizes:     COMMON   BANK0   BANK1   BANK2   BANK3   BANK4   BANK5   BANK6
      Params:         0       0       0       0       0       0       0       0
      Locals:         0       0       0       0       0       0       0       0
      Temps:          0       0       0       0       0       0       0       0
      Totals:         0       0       0       0       0       0       0       0
Total ram usage:        0 bytes
 Hardware stack levels used:    1
 Hardware stack levels required when called:    2
 This function calls:
		Nothing
 This function is called by:
		_main
 This function uses a non-reentrant model


 *************** function _DELAY *****************
 Defined at:
		line 58 in file "main.c"
 Parameters:    Size  Location     Type
  n               2    0[BANK0 ] unsigned int 
 Auto vars:     Size  Location     Type
  j               2    3[BANK0 ] unsigned int 
  k               1    5[BANK0 ] unsigned char 
 Return value:  Size  Location     Type
                  1    wreg      void 
 Registers used:
		wreg, status,2, status,0
 Tracked objects:
		On entry : 
		On exit  : 
		Unchanged: 
 Data sizes:     COMMON   BANK0   BANK1   BANK2   BANK3   BANK4   BANK5   BANK6
      Params:         0       2       0       0       0       0       0       0
      Locals:         0       3       0       0       0       0       0       0
      Temps:          0       1       0       0       0       0       0       0
      Totals:         0       6       0       0       0       0       0       0
Total ram usage:        6 bytes
 Hardware stack levels used:    1
 Hardware stack levels required when called:    2
 This function calls:
		Nothing
 This function is called by:
		_main
		_adcinit
 This function uses a non-reentrant model


 *************** function _ISR *****************
 Defined at:
		line 158 in file "main.c"
 Parameters:    Size  Location     Type
		None
 Auto vars:     Size  Location     Type
		None
 Return value:  Size  Location     Type
                  1    wreg      void 
 Registers used:
		wreg, fsr0l, fsr0h, status,2, status,0, pclath, cstack
 Tracked objects:
		On entry : 
		On exit  : 
		Unchanged: 
 Data sizes:     COMMON   BANK0   BANK1   BANK2   BANK3   BANK4   BANK5   BANK6
      Params:         0       0       0       0       0       0       0       0
      Locals:         0       0       0       0       0       0       0       0
      Temps:          1       0       0       0       0       0       0       0
      Totals:         1       0       0       0       0       0       0       0
Total ram usage:        1 bytes
 Hardware stack levels used:    1
 Hardware stack levels required when called:    1
 This function calls:
		_eeprom_write
		i1___lwdiv
 This function is called by:
		Interrupt level 1
 This function uses a non-reentrant model


 *************** function i1___lwdiv *****************
 Defined at:
		line 5 in file "C:\Program Files\Microchip\xc8\v2.20\pic\sources\c99\common\lwdiv.c"
 Parameters:    Size  Location     Type
  divisor         2    0[COMMON] unsigned int 
  dividend        2    2[COMMON] unsigned int 
 Auto vars:     Size  Location     Type
  quotient        2    5[COMMON] unsigned int 
  counter         1    7[COMMON] unsigned char 
 Return value:  Size  Location     Type
                  2    0[COMMON] unsigned int 
 Registers used:
		wreg, status,2, status,0
 Tracked objects:
		On entry : 
		On exit  : 
		Unchanged: 
 Data sizes:     COMMON   BANK0   BANK1   BANK2   BANK3   BANK4   BANK5   BANK6
      Params:         4       0       0       0       0       0       0       0
      Locals:         3       0       0       0       0       0       0       0
      Temps:          1       0       0       0       0       0       0       0
      Totals:         8       0       0       0       0       0       0       0
Total ram usage:        8 bytes
 Hardware stack levels used:    1
 This function calls:
		Nothing
 This function is called by:
		_ISR
 This function uses a non-reentrant model


 *************** function _eeprom_write *****************
 Defined at:
		line 6 in file "C:\Program Files\Microchip\xc8\v2.20\pic\sources\c99\pic\__eewrite.c"
 Parameters:    Size  Location     Type
  addr            1    wreg     unsigned char 
  value           1    0[COMMON] unsigned char 
 Auto vars:     Size  Location     Type
  addr            1    3[COMMON] unsigned char 
 Return value:  Size  Location     Type
                  1    wreg      void 
 Registers used:
		wreg, status,2, status,0
 Tracked objects:
		On entry : 
		On exit  : 
		Unchanged: 
 Data sizes:     COMMON   BANK0   BANK1   BANK2   BANK3   BANK4   BANK5   BANK6
      Params:         1       0       0       0       0       0       0       0
      Locals:         1       0       0       0       0       0       0       0
      Temps:          2       0       0       0       0       0       0       0
      Totals:         4       0       0       0       0       0       0       0
Total ram usage:        4 bytes
 Hardware stack levels used:    1
 This function calls:
		Nothing
 This function is called by:
		_ISR
 This function uses a non-reentrant model



MODULE INFORMATION

Module		Function		Class		Link	Load	Size
C:\Program Files\Microchip\xc8\v2.20\pic\sources\c99\common\lwmod.c
		___lwmod       		CODE           	03F3	0000	54

C:\Program Files\Microchip\xc8\v2.20\pic\sources\c99\common\lwmod.c estimated size: 54

C:\Program Files\Microchip\xc8\v2.20\pic\sources\c99\pic\__eewrite.c
		_eeprom_write  		CODE           	0486	0000	43

C:\Program Files\Microchip\xc8\v2.20\pic\sources\c99\pic\__eewrite.c estimated size: 43

shared
		i1___lwdiv     		CODE           	03B7	0000	61
		__initialization		CODE           	0127	0000	52

shared estimated size: 113

C:\Program Files\Microchip\xc8\v2.20\pic\sources\c99\common\lwdiv.c
		___lwdiv       		CODE           	037A	0000	62

C:\Program Files\Microchip\xc8\v2.20\pic\sources\c99\common\lwdiv.c estimated size: 62

./TM1721.h
		_TM1721_DisplayClear		CODE           	0459	0000	46
		_TM1721_Write_StringS		CODE           	02E5	0000	150
		_TM1721_Write_Byte		CODE           	04B0	0000	37
		_TM1721_Delay_ms		CODE           	04D4	0000	33

./TM1721.h estimated size: 266

C:\Program Files\Microchip\xc8\v2.20\pic\sources\c99\pic\__eeread.c
		_eeprom_read   		CODE           	0514	0000	30

C:\Program Files\Microchip\xc8\v2.20\pic\sources\c99\pic\__eeread.c estimated size: 30

main.c
		_ISR           		CODE           	0004	0000	290
		_main          		CODE           	015E	0000	392
		_DELAY         		CODE           	04F4	0000	33
		_timer0_Init   		CODE           	0572	0000	11
		_Init          		CODE           	0531	0000	30
		_timer1_Init   		CODE           	0560	0000	19

main.c estimated size: 775

